<html>
<body>
<pre>
<h1>µVision Build Log</h1>
<h2>Tool Versions:</h2>
IDE-Version: µVision V5.33.0.0
Copyright (C) 2020 ARM Ltd and ARM Germany GmbH. All rights reserved.
License Information: Ismael Elsharkawi, AUC, LIC=----
 
Tool Versions:
Toolchain:       MDK-Lite  Version: 5.33.0.0
Toolchain Path:  C:\Keil_v5\ARM\ARMCC\Bin
C Compiler:      Armcc.exe V5.06 update 7 (build 960)
Assembler:       Armasm.exe V5.06 update 7 (build 960)
Linker/Locator:  ArmLink.exe V5.06 update 7 (build 960)
Library Manager: ArmAr.exe V5.06 update 7 (build 960)
Hex Converter:   FromElf.exe V5.06 update 7 (build 960)
CPU DLL:         SARMCM3.DLL V5.33.0.0
Dialog DLL:      DCM.DLL V1.17.3.0
Target DLL:      STLink\ST-LINKIII-KEIL_SWO.dll V3.0.8.0
Dialog DLL:      TCM.DLL V1.48.0.0
 
<h2>Project:</h2>
C:\Users\Ismael\Documents\GitHub\ES-Project-2\Project Prototype\MDK-ARM\Project Prototype.uvprojx
Project File Date:  05/03/2021

<h2>Output:</h2>
*** Using Compiler 'V5.06 update 7 (build 960)', folder: 'C:\Keil_v5\ARM\ARMCC\Bin'
Build target 'Project Prototype'
compiling main.c...
../Core/Inc/ssd1306.h(238): warning:  #1295-D: Deprecated declaration ssd1306_I2C_Init - give arg types
  void ssd1306_I2C_Init();
../Core/Src/main.c(104): warning:  #188-D: enumerated type mixed with another type
      SSD1306_Puts (x_char, &Font_11x18, 1);
../Core/Src/main.c(109): warning:  #186-D: pointless comparison of unsigned integer with zero
   if (n>=0 && n<=9) n = n + '0';
../Core/Src/main.c(166): warning:  #940-D: missing return statement at end of non-void function "Pedometer" 
   }
../Core/Src/main.c(129): warning:  #177-D: variable "acc"  was declared but never referenced
      int acc=0;
../Core/Src/main.c(134): warning:  #550-D: variable "zaccl"  was set but never used
      int zaccl[15]={0};
../Core/Src/main.c(333): warning:  #188-D: enumerated type mixed with another type
  	SSD1306_Puts (out, &Font_7x10, 1); // print Hello 
../Core/Src/main.c(335): warning:  #188-D: enumerated type mixed with another type
  	SSD1306_Puts (out_temp, &Font_7x10, 1); // print Hello 
../Core/Src/main.c(340): warning:  #188-D: enumerated type mixed with another type
  	SSD1306_Puts (steps_string, &Font_7x10, 1); // print Hello 
../Core/Src/main.c(227): warning:  #177-D: variable "current"  was declared but never referenced
   float current;
../Core/Src/main.c(166): warning: C4487E: read from variable 'totvect' with offset out of bounds
 }
../Core/Src/main.c: 11 warnings, 0 errors
linking...
Program Size: Code=14892 RO-data=2400 RW-data=92 ZI-data=2316  
FromELF: creating hex file...
"Project Prototype\Project Prototype.axf" - 0 Error(s), 11 Warning(s).

<h2>Software Packages used:</h2>

Package Vendor: ARM
                http://www.keil.com/pack/ARM.CMSIS.5.7.0.pack
                ARM.CMSIS.5.7.0
                CMSIS (Cortex Microcontroller Software Interface Standard)
   * Component: CORE Version: 5.4.0

Package Vendor: Keil
                http://www.keil.com/pack/Keil.STM32L4xx_DFP.2.5.0.pack
                Keil.STM32L4xx_DFP.2.5.0
                STMicroelectronics STM32L4 Series Device Support, Drivers and Examples

<h2>Collection of Component include folders:</h2>
  .\RTE\_Project_Prototype
  C:\Users\Ismael\AppData\Local\Arm\Packs\ARM\CMSIS\5.7.0\CMSIS\Core\Include
  C:\Users\Ismael\AppData\Local\Arm\Packs\Keil\STM32L4xx_DFP\2.5.0\Drivers\CMSIS\Device\ST\STM32L4xx\Include

<h2>Collection of Component Files used:</h2>

   * Component: ARM::CMSIS:CORE:5.4.0
Build Time Elapsed:  00:00:06
</pre>
</body>
</html>
